ÇëÊäÈë½áÊø×Ö·û(A~Z)
=================================
ÕýÈý½Ç×ÖÄ¸Ëþ(Q->A)
=================================
                A
               BAB
              CBABC
             DCBABCD
            EDCBABCDE
           FEDCBABCDEF
          GFEDCBABCDEFG
         HGFEDCBABCDEFGH
        IHGFEDCBABCDEFGHI
       JIHGFEDCBABCDEFGHIJ
      KJIHGFEDCBABCDEFGHIJK
     LKJIHGFEDCBABCDEFGHIJKL
    MLKJIHGFEDCBABCDEFGHIJKLM
   NMLKJIHGFEDCBABCDEFGHIJKLMN
  ONMLKJIHGFEDCBABCDEFGHIJKLMNO
 PONMLKJIHGFEDCBABCDEFGHIJKLMNOP
QPONMLKJIHGFEDCBABCDEFGHIJKLMNOPQ

=================================
µ¹Èý½Ç×ÖÄ¸Ëþ(Q->A)
=================================
QPONMLKJIHGFEDCBABCDEFGHIJKLMNOPQ
 PONMLKJIHGFEDCBABCDEFGHIJKLMNOP
  ONMLKJIHGFEDCBABCDEFGHIJKLMNO
   NMLKJIHGFEDCBABCDEFGHIJKLMN
    MLKJIHGFEDCBABCDEFGHIJKLM
     LKJIHGFEDCBABCDEFGHIJKL
      KJIHGFEDCBABCDEFGHIJK
       JIHGFEDCBABCDEFGHIJ
        IHGFEDCBABCDEFGHI
         HGFEDCBABCDEFGH
          GFEDCBABCDEFG
           FEDCBABCDEF
            EDCBABCDE
             DCBABCD
              CBABC
               BAB
                A

=================================
ÁâÐÎ(Q->A)
=================================
                A
               BAB
              CBABC
             DCBABCD
            EDCBABCDE
           FEDCBABCDEF
          GFEDCBABCDEFG
         HGFEDCBABCDEFGH
        IHGFEDCBABCDEFGHI
       JIHGFEDCBABCDEFGHIJ
      KJIHGFEDCBABCDEFGHIJK
     LKJIHGFEDCBABCDEFGHIJKL
    MLKJIHGFEDCBABCDEFGHIJKLM
   NMLKJIHGFEDCBABCDEFGHIJKLMN
  ONMLKJIHGFEDCBABCDEFGHIJKLMNO
 PONMLKJIHGFEDCBABCDEFGHIJKLMNOP
QPONMLKJIHGFEDCBABCDEFGHIJKLMNOPQ
 PONMLKJIHGFEDCBABCDEFGHIJKLMNOP
  ONMLKJIHGFEDCBABCDEFGHIJKLMNO
   NMLKJIHGFEDCBABCDEFGHIJKLMN
    MLKJIHGFEDCBABCDEFGHIJKLM
     LKJIHGFEDCBABCDEFGHIJKL
      KJIHGFEDCBABCDEFGHIJK
       JIHGFEDCBABCDEFGHIJ
        IHGFEDCBABCDEFGHI
         HGFEDCBABCDEFGH
          GFEDCBABCDEFG
           FEDCBABCDEF
            EDCBABCDE
             DCBABCD
              CBABC
               BAB
                A

