ÇëÊäÈë½áÊø×Ö·û(A~Z)
=========================
ÕýÈý½Ç×ÖÄ¸Ëþ(M->A)
=========================
            A
           BAB
          CBABC
         DCBABCD
        EDCBABCDE
       FEDCBABCDEF
      GFEDCBABCDEFG
     HGFEDCBABCDEFGH
    IHGFEDCBABCDEFGHI
   JIHGFEDCBABCDEFGHIJ
  KJIHGFEDCBABCDEFGHIJK
 LKJIHGFEDCBABCDEFGHIJKL
MLKJIHGFEDCBABCDEFGHIJKLM

=========================
µ¹Èý½Ç×ÖÄ¸Ëþ(M->A)
=========================
MLKJIHGFEDCBABCDEFGHIJKLM
 LKJIHGFEDCBABCDEFGHIJKL
  KJIHGFEDCBABCDEFGHIJK
   JIHGFEDCBABCDEFGHIJ
    IHGFEDCBABCDEFGHI
     HGFEDCBABCDEFGH
      GFEDCBABCDEFG
       FEDCBABCDEF
        EDCBABCDE
         DCBABCD
          CBABC
           BAB
            A

=========================
ÁâÐÎ(M->A)
=========================
            A
           BAB
          CBABC
         DCBABCD
        EDCBABCDE
       FEDCBABCDEF
      GFEDCBABCDEFG
     HGFEDCBABCDEFGH
    IHGFEDCBABCDEFGHI
   JIHGFEDCBABCDEFGHIJ
  KJIHGFEDCBABCDEFGHIJK
 LKJIHGFEDCBABCDEFGHIJKL
MLKJIHGFEDCBABCDEFGHIJKLM
 LKJIHGFEDCBABCDEFGHIJKL
  KJIHGFEDCBABCDEFGHIJK
   JIHGFEDCBABCDEFGHIJ
    IHGFEDCBABCDEFGHI
     HGFEDCBABCDEFGH
      GFEDCBABCDEFG
       FEDCBABCDEF
        EDCBABCDE
         DCBABCD
          CBABC
           BAB
            A

