ÇëÊäÈë½áÊø×Ö·û(A~Z)
===============================
ÕýÈý½Ç×ÖÄ¸Ëþ(P->A)
===============================
               A
              BAB
             CBABC
            DCBABCD
           EDCBABCDE
          FEDCBABCDEF
         GFEDCBABCDEFG
        HGFEDCBABCDEFGH
       IHGFEDCBABCDEFGHI
      JIHGFEDCBABCDEFGHIJ
     KJIHGFEDCBABCDEFGHIJK
    LKJIHGFEDCBABCDEFGHIJKL
   MLKJIHGFEDCBABCDEFGHIJKLM
  NMLKJIHGFEDCBABCDEFGHIJKLMN
 ONMLKJIHGFEDCBABCDEFGHIJKLMNO
PONMLKJIHGFEDCBABCDEFGHIJKLMNOP

===============================
µ¹Èý½Ç×ÖÄ¸Ëþ(P->A)
===============================
PONMLKJIHGFEDCBABCDEFGHIJKLMNOP
 ONMLKJIHGFEDCBABCDEFGHIJKLMNO
  NMLKJIHGFEDCBABCDEFGHIJKLMN
   MLKJIHGFEDCBABCDEFGHIJKLM
    LKJIHGFEDCBABCDEFGHIJKL
     KJIHGFEDCBABCDEFGHIJK
      JIHGFEDCBABCDEFGHIJ
       IHGFEDCBABCDEFGHI
        HGFEDCBABCDEFGH
         GFEDCBABCDEFG
          FEDCBABCDEF
           EDCBABCDE
            DCBABCD
             CBABC
              BAB
               A

===============================
ÁâÐÎ(P->A)
===============================
               A
              BAB
             CBABC
            DCBABCD
           EDCBABCDE
          FEDCBABCDEF
         GFEDCBABCDEFG
        HGFEDCBABCDEFGH
       IHGFEDCBABCDEFGHI
      JIHGFEDCBABCDEFGHIJ
     KJIHGFEDCBABCDEFGHIJK
    LKJIHGFEDCBABCDEFGHIJKL
   MLKJIHGFEDCBABCDEFGHIJKLM
  NMLKJIHGFEDCBABCDEFGHIJKLMN
 ONMLKJIHGFEDCBABCDEFGHIJKLMNO
PONMLKJIHGFEDCBABCDEFGHIJKLMNOP
 ONMLKJIHGFEDCBABCDEFGHIJKLMNO
  NMLKJIHGFEDCBABCDEFGHIJKLMN
   MLKJIHGFEDCBABCDEFGHIJKLM
    LKJIHGFEDCBABCDEFGHIJKL
     KJIHGFEDCBABCDEFGHIJK
      JIHGFEDCBABCDEFGHIJ
       IHGFEDCBABCDEFGHI
        HGFEDCBABCDEFGH
         GFEDCBABCDEFG
          FEDCBABCDEF
           EDCBABCDE
            DCBABCD
             CBABC
              BAB
               A

