ÇëÊäÈë½áÊø×Ö·û(A~Z)
===========================
ÕýÈý½Ç×ÖÄ¸Ëþ(N->A)
===========================
             A
            BAB
           CBABC
          DCBABCD
         EDCBABCDE
        FEDCBABCDEF
       GFEDCBABCDEFG
      HGFEDCBABCDEFGH
     IHGFEDCBABCDEFGHI
    JIHGFEDCBABCDEFGHIJ
   KJIHGFEDCBABCDEFGHIJK
  LKJIHGFEDCBABCDEFGHIJKL
 MLKJIHGFEDCBABCDEFGHIJKLM
NMLKJIHGFEDCBABCDEFGHIJKLMN

===========================
µ¹Èý½Ç×ÖÄ¸Ëþ(N->A)
===========================
NMLKJIHGFEDCBABCDEFGHIJKLMN
 MLKJIHGFEDCBABCDEFGHIJKLM
  LKJIHGFEDCBABCDEFGHIJKL
   KJIHGFEDCBABCDEFGHIJK
    JIHGFEDCBABCDEFGHIJ
     IHGFEDCBABCDEFGHI
      HGFEDCBABCDEFGH
       GFEDCBABCDEFG
        FEDCBABCDEF
         EDCBABCDE
          DCBABCD
           CBABC
            BAB
             A

===========================
ÁâÐÎ(N->A)
===========================
             A
            BAB
           CBABC
          DCBABCD
         EDCBABCDE
        FEDCBABCDEF
       GFEDCBABCDEFG
      HGFEDCBABCDEFGH
     IHGFEDCBABCDEFGHI
    JIHGFEDCBABCDEFGHIJ
   KJIHGFEDCBABCDEFGHIJK
  LKJIHGFEDCBABCDEFGHIJKL
 MLKJIHGFEDCBABCDEFGHIJKLM
NMLKJIHGFEDCBABCDEFGHIJKLMN
 MLKJIHGFEDCBABCDEFGHIJKLM
  LKJIHGFEDCBABCDEFGHIJKL
   KJIHGFEDCBABCDEFGHIJK
    JIHGFEDCBABCDEFGHIJ
     IHGFEDCBABCDEFGHI
      HGFEDCBABCDEFGH
       GFEDCBABCDEFG
        FEDCBABCDEF
         EDCBABCDE
          DCBABCD
           CBABC
            BAB
             A

