请输入汉诺塔的层数(1-16)
请输入起始柱(A-C)
请输入目标柱(A-C)
移动步骤为:
    1:  1# B-->A
    2:  2# B-->C
    3:  1# A-->C
    4:  3# B-->A
    5:  1# C-->B
    6:  2# C-->A
    7:  1# B-->A
    8:  4# B-->C
    9:  1# A-->C
   10:  2# A-->B
   11:  1# C-->B
   12:  3# A-->C
   13:  1# B-->A
   14:  2# B-->C
   15:  1# A-->C
   16:  5# B-->A
   17:  1# C-->B
   18:  2# C-->A
   19:  1# B-->A
   20:  3# C-->B
   21:  1# A-->C
   22:  2# A-->B
   23:  1# C-->B
   24:  4# C-->A
   25:  1# B-->A
   26:  2# B-->C
   27:  1# A-->C
   28:  3# B-->A
   29:  1# C-->B
   30:  2# C-->A
   31:  1# B-->A
