ÇëÊäÈë½áÊø×Ö·û(A~Z)
===================================
ÕýÈý½Ç×ÖÄ¸Ëþ(R->A)
===================================
                 A
                BAB
               CBABC
              DCBABCD
             EDCBABCDE
            FEDCBABCDEF
           GFEDCBABCDEFG
          HGFEDCBABCDEFGH
         IHGFEDCBABCDEFGHI
        JIHGFEDCBABCDEFGHIJ
       KJIHGFEDCBABCDEFGHIJK
      LKJIHGFEDCBABCDEFGHIJKL
     MLKJIHGFEDCBABCDEFGHIJKLM
    NMLKJIHGFEDCBABCDEFGHIJKLMN
   ONMLKJIHGFEDCBABCDEFGHIJKLMNO
  PONMLKJIHGFEDCBABCDEFGHIJKLMNOP
 QPONMLKJIHGFEDCBABCDEFGHIJKLMNOPQ
RQPONMLKJIHGFEDCBABCDEFGHIJKLMNOPQR

===================================
µ¹Èý½Ç×ÖÄ¸Ëþ(R->A)
===================================
RQPONMLKJIHGFEDCBABCDEFGHIJKLMNOPQR
 QPONMLKJIHGFEDCBABCDEFGHIJKLMNOPQ
  PONMLKJIHGFEDCBABCDEFGHIJKLMNOP
   ONMLKJIHGFEDCBABCDEFGHIJKLMNO
    NMLKJIHGFEDCBABCDEFGHIJKLMN
     MLKJIHGFEDCBABCDEFGHIJKLM
      LKJIHGFEDCBABCDEFGHIJKL
       KJIHGFEDCBABCDEFGHIJK
        JIHGFEDCBABCDEFGHIJ
         IHGFEDCBABCDEFGHI
          HGFEDCBABCDEFGH
           GFEDCBABCDEFG
            FEDCBABCDEF
             EDCBABCDE
              DCBABCD
               CBABC
                BAB
                 A

===================================
ÁâÐÎ(R->A)
===================================
                 A
                BAB
               CBABC
              DCBABCD
             EDCBABCDE
            FEDCBABCDEF
           GFEDCBABCDEFG
          HGFEDCBABCDEFGH
         IHGFEDCBABCDEFGHI
        JIHGFEDCBABCDEFGHIJ
       KJIHGFEDCBABCDEFGHIJK
      LKJIHGFEDCBABCDEFGHIJKL
     MLKJIHGFEDCBABCDEFGHIJKLM
    NMLKJIHGFEDCBABCDEFGHIJKLMN
   ONMLKJIHGFEDCBABCDEFGHIJKLMNO
  PONMLKJIHGFEDCBABCDEFGHIJKLMNOP
 QPONMLKJIHGFEDCBABCDEFGHIJKLMNOPQ
RQPONMLKJIHGFEDCBABCDEFGHIJKLMNOPQR
 QPONMLKJIHGFEDCBABCDEFGHIJKLMNOPQ
  PONMLKJIHGFEDCBABCDEFGHIJKLMNOP
   ONMLKJIHGFEDCBABCDEFGHIJKLMNO
    NMLKJIHGFEDCBABCDEFGHIJKLMN
     MLKJIHGFEDCBABCDEFGHIJKLM
      LKJIHGFEDCBABCDEFGHIJKL
       KJIHGFEDCBABCDEFGHIJK
        JIHGFEDCBABCDEFGHIJ
         IHGFEDCBABCDEFGHI
          HGFEDCBABCDEFGH
           GFEDCBABCDEFG
            FEDCBABCDEF
             EDCBABCDE
              DCBABCD
               CBABC
                BAB
                 A

