ÇëÊäÈë½áÊø×Ö·û(A~Z)
=============================
ÕýÈý½Ç×ÖÄ¸Ëþ(O->A)
=============================
              A
             BAB
            CBABC
           DCBABCD
          EDCBABCDE
         FEDCBABCDEF
        GFEDCBABCDEFG
       HGFEDCBABCDEFGH
      IHGFEDCBABCDEFGHI
     JIHGFEDCBABCDEFGHIJ
    KJIHGFEDCBABCDEFGHIJK
   LKJIHGFEDCBABCDEFGHIJKL
  MLKJIHGFEDCBABCDEFGHIJKLM
 NMLKJIHGFEDCBABCDEFGHIJKLMN
ONMLKJIHGFEDCBABCDEFGHIJKLMNO

=============================
µ¹Èý½Ç×ÖÄ¸Ëþ(O->A)
=============================
ONMLKJIHGFEDCBABCDEFGHIJKLMNO
 NMLKJIHGFEDCBABCDEFGHIJKLMN
  MLKJIHGFEDCBABCDEFGHIJKLM
   LKJIHGFEDCBABCDEFGHIJKL
    KJIHGFEDCBABCDEFGHIJK
     JIHGFEDCBABCDEFGHIJ
      IHGFEDCBABCDEFGHI
       HGFEDCBABCDEFGH
        GFEDCBABCDEFG
         FEDCBABCDEF
          EDCBABCDE
           DCBABCD
            CBABC
             BAB
              A

=============================
ÁâÐÎ(O->A)
=============================
              A
             BAB
            CBABC
           DCBABCD
          EDCBABCDE
         FEDCBABCDEF
        GFEDCBABCDEFG
       HGFEDCBABCDEFGH
      IHGFEDCBABCDEFGHI
     JIHGFEDCBABCDEFGHIJ
    KJIHGFEDCBABCDEFGHIJK
   LKJIHGFEDCBABCDEFGHIJKL
  MLKJIHGFEDCBABCDEFGHIJKLM
 NMLKJIHGFEDCBABCDEFGHIJKLMN
ONMLKJIHGFEDCBABCDEFGHIJKLMNO
 NMLKJIHGFEDCBABCDEFGHIJKLMN
  MLKJIHGFEDCBABCDEFGHIJKLM
   LKJIHGFEDCBABCDEFGHIJKL
    KJIHGFEDCBABCDEFGHIJK
     JIHGFEDCBABCDEFGHIJ
      IHGFEDCBABCDEFGHI
       HGFEDCBABCDEFGH
        GFEDCBABCDEFG
         FEDCBABCDEF
          EDCBABCDE
           DCBABCD
            CBABC
             BAB
              A

