请输入汉诺塔的层数(1-16)
请输入起始柱(A-C)
请输入起始柱(A-C)
请输入目标柱(A-C)
请输入目标柱(A-C)
请输入目标柱(A-C)
移动步骤为:
    1:  1# A-->C
    2:  2# A-->B
    3:  1# C-->B
    4:  3# A-->C
    5:  1# B-->A
    6:  2# B-->C
    7:  1# A-->C
    8:  4# A-->B
    9:  1# C-->B
   10:  2# C-->A
   11:  1# B-->A
   12:  3# C-->B
   13:  1# A-->C
   14:  2# A-->B
   15:  1# C-->B
   16:  5# A-->C
   17:  1# B-->A
   18:  2# B-->C
   19:  1# A-->C
   20:  3# B-->A
   21:  1# C-->B
   22:  2# C-->A
   23:  1# B-->A
   24:  4# B-->C
   25:  1# A-->C
   26:  2# A-->B
   27:  1# C-->B
   28:  3# A-->C
   29:  1# B-->A
   30:  2# B-->C
   31:  1# A-->C
   32:  6# A-->B
   33:  1# C-->B
   34:  2# C-->A
   35:  1# B-->A
   36:  3# C-->B
   37:  1# A-->C
   38:  2# A-->B
   39:  1# C-->B
   40:  4# C-->A
   41:  1# B-->A
   42:  2# B-->C
   43:  1# A-->C
   44:  3# B-->A
   45:  1# C-->B
   46:  2# C-->A
   47:  1# B-->A
   48:  5# C-->B
   49:  1# A-->C
   50:  2# A-->B
   51:  1# C-->B
   52:  3# A-->C
   53:  1# B-->A
   54:  2# B-->C
   55:  1# A-->C
   56:  4# A-->B
   57:  1# C-->B
   58:  2# C-->A
   59:  1# B-->A
   60:  3# C-->B
   61:  1# A-->C
   62:  2# A-->B
   63:  1# C-->B
   64:  7# A-->C
   65:  1# B-->A
   66:  2# B-->C
   67:  1# A-->C
   68:  3# B-->A
   69:  1# C-->B
   70:  2# C-->A
   71:  1# B-->A
   72:  4# B-->C
   73:  1# A-->C
   74:  2# A-->B
   75:  1# C-->B
   76:  3# A-->C
   77:  1# B-->A
   78:  2# B-->C
   79:  1# A-->C
   80:  5# B-->A
   81:  1# C-->B
   82:  2# C-->A
   83:  1# B-->A
   84:  3# C-->B
   85:  1# A-->C
   86:  2# A-->B
   87:  1# C-->B
   88:  4# C-->A
   89:  1# B-->A
   90:  2# B-->C
   91:  1# A-->C
   92:  3# B-->A
   93:  1# C-->B
   94:  2# C-->A
   95:  1# B-->A
   96:  6# B-->C
   97:  1# A-->C
   98:  2# A-->B
   99:  1# C-->B
  100:  3# A-->C
  101:  1# B-->A
  102:  2# B-->C
  103:  1# A-->C
  104:  4# A-->B
  105:  1# C-->B
  106:  2# C-->A
  107:  1# B-->A
  108:  3# C-->B
  109:  1# A-->C
  110:  2# A-->B
  111:  1# C-->B
  112:  5# A-->C
  113:  1# B-->A
  114:  2# B-->C
  115:  1# A-->C
  116:  3# B-->A
  117:  1# C-->B
  118:  2# C-->A
  119:  1# B-->A
  120:  4# B-->C
  121:  1# A-->C
  122:  2# A-->B
  123:  1# C-->B
  124:  3# A-->C
  125:  1# B-->A
  126:  2# B-->C
  127:  1# A-->C
  128:  8# A-->B
  129:  1# C-->B
  130:  2# C-->A
  131:  1# B-->A
  132:  3# C-->B
  133:  1# A-->C
  134:  2# A-->B
  135:  1# C-->B
  136:  4# C-->A
  137:  1# B-->A
  138:  2# B-->C
  139:  1# A-->C
  140:  3# B-->A
  141:  1# C-->B
  142:  2# C-->A
  143:  1# B-->A
  144:  5# C-->B
  145:  1# A-->C
  146:  2# A-->B
  147:  1# C-->B
  148:  3# A-->C
  149:  1# B-->A
  150:  2# B-->C
  151:  1# A-->C
  152:  4# A-->B
  153:  1# C-->B
  154:  2# C-->A
  155:  1# B-->A
  156:  3# C-->B
  157:  1# A-->C
  158:  2# A-->B
  159:  1# C-->B
  160:  6# C-->A
  161:  1# B-->A
  162:  2# B-->C
  163:  1# A-->C
  164:  3# B-->A
  165:  1# C-->B
  166:  2# C-->A
  167:  1# B-->A
  168:  4# B-->C
  169:  1# A-->C
  170:  2# A-->B
  171:  1# C-->B
  172:  3# A-->C
  173:  1# B-->A
  174:  2# B-->C
  175:  1# A-->C
  176:  5# B-->A
  177:  1# C-->B
  178:  2# C-->A
  179:  1# B-->A
  180:  3# C-->B
  181:  1# A-->C
  182:  2# A-->B
  183:  1# C-->B
  184:  4# C-->A
  185:  1# B-->A
  186:  2# B-->C
  187:  1# A-->C
  188:  3# B-->A
  189:  1# C-->B
  190:  2# C-->A
  191:  1# B-->A
  192:  7# C-->B
  193:  1# A-->C
  194:  2# A-->B
  195:  1# C-->B
  196:  3# A-->C
  197:  1# B-->A
  198:  2# B-->C
  199:  1# A-->C
  200:  4# A-->B
  201:  1# C-->B
  202:  2# C-->A
  203:  1# B-->A
  204:  3# C-->B
  205:  1# A-->C
  206:  2# A-->B
  207:  1# C-->B
  208:  5# A-->C
  209:  1# B-->A
  210:  2# B-->C
  211:  1# A-->C
  212:  3# B-->A
  213:  1# C-->B
  214:  2# C-->A
  215:  1# B-->A
  216:  4# B-->C
  217:  1# A-->C
  218:  2# A-->B
  219:  1# C-->B
  220:  3# A-->C
  221:  1# B-->A
  222:  2# B-->C
  223:  1# A-->C
  224:  6# A-->B
  225:  1# C-->B
  226:  2# C-->A
  227:  1# B-->A
  228:  3# C-->B
  229:  1# A-->C
  230:  2# A-->B
  231:  1# C-->B
  232:  4# C-->A
  233:  1# B-->A
  234:  2# B-->C
  235:  1# A-->C
  236:  3# B-->A
  237:  1# C-->B
  238:  2# C-->A
  239:  1# B-->A
  240:  5# C-->B
  241:  1# A-->C
  242:  2# A-->B
  243:  1# C-->B
  244:  3# A-->C
  245:  1# B-->A
  246:  2# B-->C
  247:  1# A-->C
  248:  4# A-->B
  249:  1# C-->B
  250:  2# C-->A
  251:  1# B-->A
  252:  3# C-->B
  253:  1# A-->C
  254:  2# A-->B
  255:  1# C-->B
