ÇëÊäÈë½áÊø×Ö·û(A~Z)
=========================================
ÕýÈý½Ç×ÖÄ¸Ëþ(U->A)
=========================================
                    A
                   BAB
                  CBABC
                 DCBABCD
                EDCBABCDE
               FEDCBABCDEF
              GFEDCBABCDEFG
             HGFEDCBABCDEFGH
            IHGFEDCBABCDEFGHI
           JIHGFEDCBABCDEFGHIJ
          KJIHGFEDCBABCDEFGHIJK
         LKJIHGFEDCBABCDEFGHIJKL
        MLKJIHGFEDCBABCDEFGHIJKLM
       NMLKJIHGFEDCBABCDEFGHIJKLMN
      ONMLKJIHGFEDCBABCDEFGHIJKLMNO
     PONMLKJIHGFEDCBABCDEFGHIJKLMNOP
    QPONMLKJIHGFEDCBABCDEFGHIJKLMNOPQ
   RQPONMLKJIHGFEDCBABCDEFGHIJKLMNOPQR
  SRQPONMLKJIHGFEDCBABCDEFGHIJKLMNOPQRS
 TSRQPONMLKJIHGFEDCBABCDEFGHIJKLMNOPQRST
UTSRQPONMLKJIHGFEDCBABCDEFGHIJKLMNOPQRSTU

=========================================
µ¹Èý½Ç×ÖÄ¸Ëþ(U->A)
=========================================
UTSRQPONMLKJIHGFEDCBABCDEFGHIJKLMNOPQRSTU
 TSRQPONMLKJIHGFEDCBABCDEFGHIJKLMNOPQRST
  SRQPONMLKJIHGFEDCBABCDEFGHIJKLMNOPQRS
   RQPONMLKJIHGFEDCBABCDEFGHIJKLMNOPQR
    QPONMLKJIHGFEDCBABCDEFGHIJKLMNOPQ
     PONMLKJIHGFEDCBABCDEFGHIJKLMNOP
      ONMLKJIHGFEDCBABCDEFGHIJKLMNO
       NMLKJIHGFEDCBABCDEFGHIJKLMN
        MLKJIHGFEDCBABCDEFGHIJKLM
         LKJIHGFEDCBABCDEFGHIJKL
          KJIHGFEDCBABCDEFGHIJK
           JIHGFEDCBABCDEFGHIJ
            IHGFEDCBABCDEFGHI
             HGFEDCBABCDEFGH
              GFEDCBABCDEFG
               FEDCBABCDEF
                EDCBABCDE
                 DCBABCD
                  CBABC
                   BAB
                    A

=========================================
ÁâÐÎ(U->A)
=========================================
                    A
                   BAB
                  CBABC
                 DCBABCD
                EDCBABCDE
               FEDCBABCDEF
              GFEDCBABCDEFG
             HGFEDCBABCDEFGH
            IHGFEDCBABCDEFGHI
           JIHGFEDCBABCDEFGHIJ
          KJIHGFEDCBABCDEFGHIJK
         LKJIHGFEDCBABCDEFGHIJKL
        MLKJIHGFEDCBABCDEFGHIJKLM
       NMLKJIHGFEDCBABCDEFGHIJKLMN
      ONMLKJIHGFEDCBABCDEFGHIJKLMNO
     PONMLKJIHGFEDCBABCDEFGHIJKLMNOP
    QPONMLKJIHGFEDCBABCDEFGHIJKLMNOPQ
   RQPONMLKJIHGFEDCBABCDEFGHIJKLMNOPQR
  SRQPONMLKJIHGFEDCBABCDEFGHIJKLMNOPQRS
 TSRQPONMLKJIHGFEDCBABCDEFGHIJKLMNOPQRST
UTSRQPONMLKJIHGFEDCBABCDEFGHIJKLMNOPQRSTU
 TSRQPONMLKJIHGFEDCBABCDEFGHIJKLMNOPQRST
  SRQPONMLKJIHGFEDCBABCDEFGHIJKLMNOPQRS
   RQPONMLKJIHGFEDCBABCDEFGHIJKLMNOPQR
    QPONMLKJIHGFEDCBABCDEFGHIJKLMNOPQ
     PONMLKJIHGFEDCBABCDEFGHIJKLMNOP
      ONMLKJIHGFEDCBABCDEFGHIJKLMNO
       NMLKJIHGFEDCBABCDEFGHIJKLMN
        MLKJIHGFEDCBABCDEFGHIJKLM
         LKJIHGFEDCBABCDEFGHIJKL
          KJIHGFEDCBABCDEFGHIJK
           JIHGFEDCBABCDEFGHIJ
            IHGFEDCBABCDEFGHI
             HGFEDCBABCDEFGH
              GFEDCBABCDEFG
               FEDCBABCDEF
                EDCBABCDE
                 DCBABCD
                  CBABC
                   BAB
                    A

