ÇëÊäÈë½áÊø×Ö·û(A~Z)
===========================================
ÕýÈý½Ç×ÖÄ¸Ëþ(V->A)
===========================================
                     A
                    BAB
                   CBABC
                  DCBABCD
                 EDCBABCDE
                FEDCBABCDEF
               GFEDCBABCDEFG
              HGFEDCBABCDEFGH
             IHGFEDCBABCDEFGHI
            JIHGFEDCBABCDEFGHIJ
           KJIHGFEDCBABCDEFGHIJK
          LKJIHGFEDCBABCDEFGHIJKL
         MLKJIHGFEDCBABCDEFGHIJKLM
        NMLKJIHGFEDCBABCDEFGHIJKLMN
       ONMLKJIHGFEDCBABCDEFGHIJKLMNO
      PONMLKJIHGFEDCBABCDEFGHIJKLMNOP
     QPONMLKJIHGFEDCBABCDEFGHIJKLMNOPQ
    RQPONMLKJIHGFEDCBABCDEFGHIJKLMNOPQR
   SRQPONMLKJIHGFEDCBABCDEFGHIJKLMNOPQRS
  TSRQPONMLKJIHGFEDCBABCDEFGHIJKLMNOPQRST
 UTSRQPONMLKJIHGFEDCBABCDEFGHIJKLMNOPQRSTU
VUTSRQPONMLKJIHGFEDCBABCDEFGHIJKLMNOPQRSTUV

===========================================
µ¹Èý½Ç×ÖÄ¸Ëþ(V->A)
===========================================
VUTSRQPONMLKJIHGFEDCBABCDEFGHIJKLMNOPQRSTUV
 UTSRQPONMLKJIHGFEDCBABCDEFGHIJKLMNOPQRSTU
  TSRQPONMLKJIHGFEDCBABCDEFGHIJKLMNOPQRST
   SRQPONMLKJIHGFEDCBABCDEFGHIJKLMNOPQRS
    RQPONMLKJIHGFEDCBABCDEFGHIJKLMNOPQR
     QPONMLKJIHGFEDCBABCDEFGHIJKLMNOPQ
      PONMLKJIHGFEDCBABCDEFGHIJKLMNOP
       ONMLKJIHGFEDCBABCDEFGHIJKLMNO
        NMLKJIHGFEDCBABCDEFGHIJKLMN
         MLKJIHGFEDCBABCDEFGHIJKLM
          LKJIHGFEDCBABCDEFGHIJKL
           KJIHGFEDCBABCDEFGHIJK
            JIHGFEDCBABCDEFGHIJ
             IHGFEDCBABCDEFGHI
              HGFEDCBABCDEFGH
               GFEDCBABCDEFG
                FEDCBABCDEF
                 EDCBABCDE
                  DCBABCD
                   CBABC
                    BAB
                     A

===========================================
ÁâÐÎ(V->A)
===========================================
                     A
                    BAB
                   CBABC
                  DCBABCD
                 EDCBABCDE
                FEDCBABCDEF
               GFEDCBABCDEFG
              HGFEDCBABCDEFGH
             IHGFEDCBABCDEFGHI
            JIHGFEDCBABCDEFGHIJ
           KJIHGFEDCBABCDEFGHIJK
          LKJIHGFEDCBABCDEFGHIJKL
         MLKJIHGFEDCBABCDEFGHIJKLM
        NMLKJIHGFEDCBABCDEFGHIJKLMN
       ONMLKJIHGFEDCBABCDEFGHIJKLMNO
      PONMLKJIHGFEDCBABCDEFGHIJKLMNOP
     QPONMLKJIHGFEDCBABCDEFGHIJKLMNOPQ
    RQPONMLKJIHGFEDCBABCDEFGHIJKLMNOPQR
   SRQPONMLKJIHGFEDCBABCDEFGHIJKLMNOPQRS
  TSRQPONMLKJIHGFEDCBABCDEFGHIJKLMNOPQRST
 UTSRQPONMLKJIHGFEDCBABCDEFGHIJKLMNOPQRSTU
VUTSRQPONMLKJIHGFEDCBABCDEFGHIJKLMNOPQRSTUV
 UTSRQPONMLKJIHGFEDCBABCDEFGHIJKLMNOPQRSTU
  TSRQPONMLKJIHGFEDCBABCDEFGHIJKLMNOPQRST
   SRQPONMLKJIHGFEDCBABCDEFGHIJKLMNOPQRS
    RQPONMLKJIHGFEDCBABCDEFGHIJKLMNOPQR
     QPONMLKJIHGFEDCBABCDEFGHIJKLMNOPQ
      PONMLKJIHGFEDCBABCDEFGHIJKLMNOP
       ONMLKJIHGFEDCBABCDEFGHIJKLMNO
        NMLKJIHGFEDCBABCDEFGHIJKLMN
         MLKJIHGFEDCBABCDEFGHIJKLM
          LKJIHGFEDCBABCDEFGHIJKL
           KJIHGFEDCBABCDEFGHIJK
            JIHGFEDCBABCDEFGHIJ
             IHGFEDCBABCDEFGHI
              HGFEDCBABCDEFGH
               GFEDCBABCDEFG
                FEDCBABCDEF
                 EDCBABCDE
                  DCBABCD
                   CBABC
                    BAB
                     A

