ÇëÊäÈë½áÊø×Ö·û(A~Z)
=====================================
ÕýÈý½Ç×ÖÄ¸Ëþ(S->A)
=====================================
                  A
                 BAB
                CBABC
               DCBABCD
              EDCBABCDE
             FEDCBABCDEF
            GFEDCBABCDEFG
           HGFEDCBABCDEFGH
          IHGFEDCBABCDEFGHI
         JIHGFEDCBABCDEFGHIJ
        KJIHGFEDCBABCDEFGHIJK
       LKJIHGFEDCBABCDEFGHIJKL
      MLKJIHGFEDCBABCDEFGHIJKLM
     NMLKJIHGFEDCBABCDEFGHIJKLMN
    ONMLKJIHGFEDCBABCDEFGHIJKLMNO
   PONMLKJIHGFEDCBABCDEFGHIJKLMNOP
  QPONMLKJIHGFEDCBABCDEFGHIJKLMNOPQ
 RQPONMLKJIHGFEDCBABCDEFGHIJKLMNOPQR
SRQPONMLKJIHGFEDCBABCDEFGHIJKLMNOPQRS

=====================================
µ¹Èý½Ç×ÖÄ¸Ëþ(S->A)
=====================================
SRQPONMLKJIHGFEDCBABCDEFGHIJKLMNOPQRS
 RQPONMLKJIHGFEDCBABCDEFGHIJKLMNOPQR
  QPONMLKJIHGFEDCBABCDEFGHIJKLMNOPQ
   PONMLKJIHGFEDCBABCDEFGHIJKLMNOP
    ONMLKJIHGFEDCBABCDEFGHIJKLMNO
     NMLKJIHGFEDCBABCDEFGHIJKLMN
      MLKJIHGFEDCBABCDEFGHIJKLM
       LKJIHGFEDCBABCDEFGHIJKL
        KJIHGFEDCBABCDEFGHIJK
         JIHGFEDCBABCDEFGHIJ
          IHGFEDCBABCDEFGHI
           HGFEDCBABCDEFGH
            GFEDCBABCDEFG
             FEDCBABCDEF
              EDCBABCDE
               DCBABCD
                CBABC
                 BAB
                  A

=====================================
ÁâÐÎ(S->A)
=====================================
                  A
                 BAB
                CBABC
               DCBABCD
              EDCBABCDE
             FEDCBABCDEF
            GFEDCBABCDEFG
           HGFEDCBABCDEFGH
          IHGFEDCBABCDEFGHI
         JIHGFEDCBABCDEFGHIJ
        KJIHGFEDCBABCDEFGHIJK
       LKJIHGFEDCBABCDEFGHIJKL
      MLKJIHGFEDCBABCDEFGHIJKLM
     NMLKJIHGFEDCBABCDEFGHIJKLMN
    ONMLKJIHGFEDCBABCDEFGHIJKLMNO
   PONMLKJIHGFEDCBABCDEFGHIJKLMNOP
  QPONMLKJIHGFEDCBABCDEFGHIJKLMNOPQ
 RQPONMLKJIHGFEDCBABCDEFGHIJKLMNOPQR
SRQPONMLKJIHGFEDCBABCDEFGHIJKLMNOPQRS
 RQPONMLKJIHGFEDCBABCDEFGHIJKLMNOPQR
  QPONMLKJIHGFEDCBABCDEFGHIJKLMNOPQ
   PONMLKJIHGFEDCBABCDEFGHIJKLMNOP
    ONMLKJIHGFEDCBABCDEFGHIJKLMNO
     NMLKJIHGFEDCBABCDEFGHIJKLMN
      MLKJIHGFEDCBABCDEFGHIJKLM
       LKJIHGFEDCBABCDEFGHIJKL
        KJIHGFEDCBABCDEFGHIJK
         JIHGFEDCBABCDEFGHIJ
          IHGFEDCBABCDEFGHI
           HGFEDCBABCDEFGH
            GFEDCBABCDEFG
             FEDCBABCDEF
              EDCBABCDE
               DCBABCD
                CBABC
                 BAB
                  A

