请输入成绩（最多1000个），负数结束输入
输入的数组为:
17 82 64 94 43 79 95 37 12 13 
58 66 1 63 17 82 63 50 6 79 
99 63 88 79 94 61 94 60 17 91 
15 61 42 30 41 39 25 64 97 100 
68 57 51 83 41 14 95 17 8 85 
50 64 100 39 37 99 54 50 39 33 
16 62 55 56 39 23 63 61 48 8 
80 36 63 11 45 16 40 81 16 70 
18 68 52 2 98 72 35 44 47 4 
47 24 84 81 23 78 44 42 80 62 
7 90 5 37 18 29 80 69 13 8 
19 28 36 93 87 12 79 3 75 14 
82 70 54 60 93 96 70 6 53 92 
16 0 100 62 29 14 15 44 63 93 
19 6 93 7 26 90 88 42 49 37 
61 81 0 83 43 58 58 59 37 92 
84 14 60 76 77 62 75 8 16 71 
9 71 45 26 20 79 19 55 7 34 
23 75 93 96 40 46 89 40 95 36 
96 52 4 31 56 30 20 30 3 14 
74 72 65 6 90 93 55 51 20 35 
73 34 45 37 38 10 28 44 34 18 
74 8 81 18 4 58 41 10 23 50 
90 56 33 21 48 67 11 87 74 93 
73 58 84 35 47 45 31 62 14 67 
61 85 96 2 68 49 36 75 52 0 
82 80 42 79 78 43 68 93 94 36 
79 50 10 72 74 21 0 20 91 8 
67 73 49 61 15 61 41 71 30 59 
45 85 16 78 41 1 22 29 36 58 
67 40 66 86 17 23 93 67 77 70 
25 24 66 86 42 74 61 70 82 36 
96 66 6 84 7 15 92 52 89 19 
68 74 97 0 88 86 42 33 93 97 
63 20 46 96 35 49 83 29 59 45 
38 10 47 86 29 24 61 13 91 86 
9 79 81 11 85 19 75 39 53 7 
60 35 58 97 58 91 9 62 64 64 
65 45 28 27 24 93 75 21 70 5 
91 29 91 51 83 29 27 14 99 83 
26 73 97 45 33 40 32 47 27 14 
22 5 91 47 4 4 23 82 86 94 
68 38 41 75 91 17 55 83 64 63 
99 12 1 19 7 34 72 38 21 71 
51 78 10 31 61 15 4 15 69 100 
4 40 91 7 0 88 88 52 66 27 
63 99 36 80 53 36 45 17 16 61 
62 83 61 60 17 21 28 97 17 15 
16 58 3 19 43 65 8 55 37 41 
77 53 35 14 58 31 77 60 5 84 
79 42 56 85 31 94 45 91 91
分数与人数的对应关系为:
100 4
99 5
98 1
97 6
96 6
95 3
94 6
93 11
92 3
91 11
90 4
89 2
88 5
87 2
86 6
85 5
84 5
83 7
82 6
81 5
80 5
79 9
78 4
77 4
76 1
75 7
74 6
73 4
72 4
71 4
70 6
69 2
68 6
67 5
66 5
65 3
64 6
63 9
62 7
61 12
60 6
59 3
58 10
57 1
56 4
55 5
54 2
53 4
52 5
51 4
50 5
49 4
48 2
47 6
46 2
45 10
44 4
43 4
42 7
41 7
40 6
39 5
38 4
37 7
36 9
35 6
34 4
33 4
32 1
31 5
30 4
29 7
28 4
27 4
26 3
25 2
24 4
23 6
22 2
21 5
20 5
19 7
18 4
17 9
16 8
15 7
14 9
13 3
12 3
11 3
10 5
9 3
8 7
7 7
6 5
5 4
4 7
3 3
2 2
1 3
0 6
