请输入成绩（最多1000个），负数结束输入
输入的数组为:
40 2 54 42 50 2 83 43 57 56 
8 92 33 33 3 75 5 56 84 12 
38 62 72 12 67 100 30 45 26 98 
13 77 2 64 60 62 35 28 0 33 
45 73 1 46 45 81 78 31 60 70 
81 22 88 63 95 85 93 50 1 65 
92 65 26 31 40 91 1 40 2 32 
6 36 92 81 78 54 70 94 66 34 
86 99 40 31 4 22 25 23 60 99 
40 1 17 60 29 82 87 3 27 35 
92 76 75 29 86 54 36 100 28 62 
61 77 50 26 36 0 88 21 99 81 
37 34 74 76 5 13 50 18 26 36 
49 84 71 55 14 94 77 83 7 31 
67 13 33 32 81 36 58 74 87 27 
13 97 99 75 20 81 49 5 72 8 
17 35 34 35 90 13 72 88 5 40 
8 96 0 12 4 74 52 40 54 76 
38 49 63 30 96 95 10 87 85 98 
28 89 38 19 54 33 53 75 87 55 
46 58 29 92 72 14 17 48 76 6 
86 56 16 39 8 27 97 94 78 93 
90 83 18 46 0 6 5 77 95 13 
54 60 92 94 60 57 23 66 87 79 
7 60 62 76 68 75 59 97 92 17 
28 19 10 61 48 54 50 87 19 59 
70 21 29 83 12 94 50 53 89 6 
84 6 53 53 48 91 4 96 4 90 
87 39 11 70 46 100 35 18 51 18 
98 41 94 1 37 63 26 57 8 25 
20 0 96 72 20 53 82 37 10 50 
2 8 24 89 36 72 40 25 89 63 
2 19 1 66 18 44 93 75 55 99 
100 28 23 69 100 52 42 27 46 51 
82 3 61 68 37 22 26 21 31 47 
99 28 35 77 49 1 53 64 25 5 
54 49 7 11 85 61 98 97 20 69 
84 32 39 90 67 30 62 96 8 8 
57 4 35 14 55 78 49 82 31 25 
25 92 73 48 43 37 19 70 29 99 
39 30 94 20 45 45 29 92 83 39 
66 92 95 34 19 55 79 37 48 81 
1 84 92 16 30 10 63 59 54 13 
25 0 83 77 47 52 89 44 10 33 
17 36 42 41 19 63 24 43 50 28 
29 98 95 73 20 76 57 6 9 45 
85 28 85 92 16 42 49 89 26 96 
81 13 34 43 94 79 4 9 31 88 
34 94 32 53 6 20 86 47 55 64 
85 88 77 60 0 31 77 22 30 70 
44 87 61 37 58 28 67 79 8 13 
43 75 2 76 22 40 96 57 40 33 
7 93 50 17 20 58 88 100 25 79 
81 51 79 23 97 38 38 75 93 69 
55 24 44 6 73 59 58 100 99 82 
77 71 54 4 36 30 20 9 11 65 
67 90 81 79 26 22 24 71 83 82 
35 76 85 22 11 31 53 58 9 71 
21 40 23 59 59 26 7 6 20 92 
93 13 26 76 80 12 92 48 6 19 
94 0 28 74 15 26 47 1 58 70 
51 91 85 72 73 40 59 98 57 7 
3 19 69 61 93 56 43 48 21 12 
83 99 16 59 65 53 27 45 31 26 
77 63 70 4 47 51 72 17 69 27 
78 4 98 85 77 0 72 35 83 53 
61 52 46 30 48 50 41 37 35 24 
38 64 62 51 12 9 67 87 44 84 
51 84 22 63 39 100 15 98 3 3 
9 73 51 63 99 48 16 70 65 9 
54 3 67 6 100 30 28 1 28 95 
83 48 58 3 46 63 91 28 96 51 
34 50 23 79 75 53 33 67 11 86 
95 57 83 10 7 73 36 40 22 14 
40 99 84 53 61 83 74 63 86 96 
19 32 98 80 95 23 100 91 84 70 
3 78 10 67 33 10 18 72 53 5 
76 76 26 42 14 13 96 42 77 47 
70 20 71 90 65 67 83 27 75 79 
18 47 19 96 30 20 52 49 8 18 
65 50 40 56 48 90 77 78 71 93 
86 94 14 86 68 44 67 55 77 93 
47 1 14 63 24 48 97 67 35 75 
8 71 62 70 69 32 54 56 52 55 
61 40 43 23 15 95 56 50 81 34 
51 47 3 90 59 11 84 100 56 37 
12 75 87 92 99 74 45 38 0 33 
15 10 12 34 42 20 85 14 28 35 
8 76 26 97 33 68 60 76 57 43 
55 43 87 67 35 45 2 27 11 
分数与人数的对应关系为:
100 11
99 12
98 9
97 7
96 11
95 9
94 11
93 9
92 15
91 5
90 8
89 6
88 6
87 11
86 8
85 10
84 10
83 13
82 6
81 11
80 2
79 9
78 7
77 14
76 13
75 12
74 6
73 7
72 10
71 7
70 12
69 6
68 4
67 13
66 4
65 7
64 4
63 12
62 7
61 9
60 9
59 9
58 8
57 9
56 8
55 10
54 12
53 13
52 6
51 10
50 13
49 8
48 12
47 9
46 7
45 9
44 6
43 9
42 7
41 3
40 16
39 6
38 7
37 9
36 9
35 13
34 9
33 11
32 6
31 10
30 10
29 7
28 14
27 8
26 14
25 8
24 6
23 8
22 9
21 5
20 13
19 11
18 8
17 7
16 5
15 4
14 8
13 11
12 9
11 7
10 9
9 7
8 12
7 7
6 11
5 7
4 9
3 10
2 8
1 11
0 10
