请输入成绩（最多1000个），负数结束输入
输入的数组为:
72 97 54 40 50 70 15 15 78 60 
99 13 95 57 35 3 55 85 79 20 
78 95 73 53 74 27 32 6 82 58 
9 39 46 95 81 9 31 22 35 72 
70 37 16 78 16 60 55 90 11 65 
34 89 46 54 83 63 46 69 11 15 
32 31 62 50 95 9 82 27 46 38 
46 81 27 82 14 53 85 77 64 45 
87 22 62 52 75 5 88 82 18 46 
15 72 28 71 58 1 25 97 91 71 
21 45 3 17 90 21 26 6 24 38 
58 44 61 63 99 50 15 83 43 90 
18 1 90 69 82 38 18 64 0 14 
98 58 44 26 72 50 44 26 79 18 
3 90 5 51 17 96 24 64 89 44 
83 87 68 94 96 15 64 16 100 42 
0 24 30 6 14 28 31 71 90 43 
42 82 53 11 43 24 39 35 23 61 
76 87 100 24 69 27 16 48 17 71 
16 32 91 91 6 60 79 84 43 19 
76 36 38 62 2 97 77 0 13 40 
60 37 45 16 11 30 61 68 8 47 
75 48 68 81 70 81 60 64 55 32 
38 83 29 100 76 23 55 32 81 64 
65 86 14 57 50 23 61 85 5 11 
49 75 38 6 62 11 75 53 49 80 
7 69 59 16 62 16 14 2 56 74 
57 35 87 23 89 75 33 91 50 85 
58 73 66 96 13 42 35 86 10 22 
32 91 70 40 33 35 16 19 15 61 
71 45 19 29 6 80 45 97 97 45 
59 7 99 70 87 46 19 76 80 69 
42 67 75 87 66 89 41 35 7 41 
21 51 17 64 7 35 90 25 93 59 
11 17 40 10 42 7 90 72 21 54 
83 92 34 51 19 80 48 55 92 47 
53 88 75 3 64 4 30 53 38 78 
78 27 96 54 58 11 41 10 42 25 
100 1 75 92 1 46 68 28 12 0 
18 49 40 87 69 68 3 89 9 57 
79 59 91 79 83 79 59 95 29 91 
49 94 94 14 24 97 6 80 16 31 
71 15 24 100 90 79 87 49 76 97 
48 59 29 47 28 63 50 44 46 91 
75 63 72 10 100 70 72 59 10 26 
4 31 38 11 24 6 64 67 59 65 
23 46 20 20 77 13 20 28 3 24 
3 71 58 48 66 81 16 67 10 34 
82 9 53 84 86 25 61 56 100 43 
19 49 14 77 56 81 55 88 3 96 
39 76 30 6 79 23 77 22 15 46 
17 15 66 53 99 29 44 78 45 82 
62 3 26 3 51 57 67 27 25 47 
58 99 21 79 94 37 90 57 98 9 
55 100 41 73 94 41 12 51 60 11 
57 99 19 0 7 46 20 33 90 85 
84 25 89 84 65 85 43 52 37 20 
69 45 66 74 97 27 70 61 70 4 
22 51 46 24 96 24 15 51 40 77 
20 11 48 94 29 70 50 36 41 88 
4 44 78 31 82 68 68 34 41 33 
80 14 97 90 30 45 65 90 62 5 
57 30 77 3 90 4 35 75 7 89 
5 2 100 5 48 99 93 75 54 84 
31 51 57 5 88 1 69 51 80 93 
49 69 64 71 5 60 45 22 8 1 
80 79 51 5 21 85 63 33 4 46 
92 73 46 98 94 74 64 86 4 23 
30 41 29 56 66 45 8 61 86 50 
14 39 70 25 48 96 95 8 84 37 
69 81 74 19 38 59 55 43 62 66 
78 68 87 37 86 54 75 37 26 65 
23 68 93 62 80 56 36 97 78 64 
32 69 9 34 62 35 75 25 84 81 
65 4 98 94 88 39 8 18 55 43 
11 34 3 62 33 100 30 52 37 93 
13 82 64 12 37 12 2 66 58 87 
16 23 15 73 72 91 33 66 34 95 
47 97 75 68 98 31 86 54 42 93 
15 90 79 100 40 68 49 20 38 64 
37 84 90 80 69 26 63 96 32 70 
47 22 21 56 21 46 55 22 77 40 
93 8 46 88 29 98 13 34 73 57 
66 2 33 12 34 14 28 58 73 26 
34 63 65 31 77 4 56 93 76 15 
84 16 78 39 44 33 61 76 23 39 
8 47 69 5 1 19 84 7 21 70 
32 91 79 16 55 33 15 94 66 29 
71 63 84 39 94 9 97 53 48 64 
19 66 14 37 68 18 32 50 6 8 
12 49 9 91 17 35 89 40 96 26 
51 52 1 20 4 95 36 21 27 11 
100 11 38 13 52 1 100 3 87 0 
17 80 48 3 15 63 65 97 69 93
分数与人数的对应关系为:
100 13
99 7
98 6
97 13
96 9
95 8
94 10
93 9
92 4
91 11
90 16
89 8
88 7
87 11
86 7
85 7
84 11
83 6
82 10
81 9
80 11
79 12
78 10
77 9
76 8
75 14
74 5
73 7
72 8
71 9
70 12
69 14
68 12
67 4
66 12
65 9
64 15
63 9
62 11
61 9
60 7
59 9
58 10
57 10
56 7
55 11
54 7
53 9
52 5
51 11
50 10
49 9
48 10
47 7
46 17
45 11
44 8
43 8
42 7
41 8
40 9
39 8
38 11
37 11
36 4
35 11
34 10
33 10
32 10
31 9
30 8
29 9
28 6
27 8
26 9
25 8
24 11
23 10
22 8
21 10
20 9
19 10
18 7
17 8
16 14
15 16
14 11
13 7
12 6
11 14
10 6
9 9
8 8
7 8
6 10
5 10
4 10
3 14
2 5
1 9
0 6
