请输入成绩（最多1000个），负数结束输入
输入的数组为:
17 82 64 94 43 79 95 37 12 13 
58 66 1 63 17 82 63 50 6 79 
99 63 88 79 94 61 94 60 17 91 
15 61 42 30 41 39 25 64 97 100 
68 57 51 83 41 14 95 17 8 85 
50 64 100 39 37 99 54 50 39 33 
16 62 55 56 39 23 63 61 48 8 
80 36 63 11 45 16 40 81 16 70 
18 68 52 2 98 72 35 44 47 4 
47 24 84 81 23 78 44 42 80 62 
7 90 5 37 18 29 80 69 13 8 
19 28 36 93 87 12 79 3 75 14 
82 70 54 60 93 96 70 6 53 92 
16 0 100 62 29 14 15 44 63 93 
19 6 93 7 26 90 88 42 49 37 
61 81 0 83 43 58 58 59 37 92 
84 14 60 76 77 62 75 8 16 71 
9 71 45 26 20 79 19 55 7 34 
23 75 93 96 40 46 89 40 95 36 
96 52 4 31 56 30 20 30 3 14 
74 72 65 6 90 93 55 51 20 35 
73 34 45 37 38 10 28 44 34 18 
74 8 81 18 4 58 41 10 23 50 
90 56 33 21 48 67 11 87 74 93 
73 58 84 35 47 45 31 62 14 67 
61 85 96 2 68 49 36 75 52 0 
82 80 42 79 78 43 68 93 94 36 
79 50 10 72 74 21 0 20 91 8 
67 73 49 61 15 61 41 71 30 59 
45 85 16 78 41 1 22 29 36 58 
67 40 66 86 17 23 93 67 77 70 
25 24 66 86 42 74 61 70 82 36 
96 66 6 84 7 15 92 52 89 19 
68 74 97 0 88 86 42 33 93 97 
63 20 46 96 35 49 83 29 59 45 
38 10 47 86 29 24 61 13 91 86 
9 79 81 11 85 19 75 39 53 7 
60 35 58 97 58 91 9 62 64 64 
65 45 28 27 24 93 75 21 70 5 
91 29 91 51 83 29 27 14 99 83 
26 73 97 45 33 40 32 47 27 14 
22 5 91 47 4 4 23 82 86 94 
68 38 41 75 91 17 55 83 64 63 
99 12 1 19 7 34 72 38 21 71 
51 78 10 31 61 15 4 15 69 100 
4 40 91 7 0 88 88 52 66 27 
63 99 36 80 53 36 45 17 16 61 
62 83 61 60 17 21 28 97 17 15 
16 58 3 19 43 65 8 55 37 41 
77 53 35 14 58 31 77 60 5 84 
79 42 56 85 31 94 45 91 91
分数与名次的对应关系为:
100 1
100 1
100 1
100 1
99 5
99 5
99 5
99 5
99 5
98 10
97 11
97 11
97 11
97 11
97 11
97 11
96 17
96 17
96 17
96 17
96 17
96 17
95 23
95 23
95 23
94 26
94 26
94 26
94 26
94 26
94 26
93 32
93 32
93 32
93 32
93 32
93 32
93 32
93 32
93 32
93 32
93 32
92 43
92 43
92 43
91 46
91 46
91 46
91 46
91 46
91 46
91 46
91 46
91 46
91 46
91 46
90 57
90 57
90 57
90 57
89 61
89 61
88 63
88 63
88 63
88 63
88 63
87 68
87 68
86 70
86 70
86 70
86 70
86 70
86 70
85 76
85 76
85 76
85 76
85 76
84 81
84 81
84 81
84 81
84 81
83 86
83 86
83 86
83 86
83 86
83 86
83 86
82 93
82 93
82 93
82 93
82 93
82 93
81 99
81 99
81 99
81 99
81 99
80 104
80 104
80 104
80 104
80 104
79 109
79 109
79 109
79 109
79 109
79 109
79 109
79 109
79 109
78 118
78 118
78 118
78 118
77 122
77 122
77 122
77 122
76 126
75 127
75 127
75 127
75 127
75 127
75 127
75 127
74 134
74 134
74 134
74 134
74 134
74 134
73 140
73 140
73 140
73 140
72 144
72 144
72 144
72 144
71 148
71 148
71 148
71 148
70 152
70 152
70 152
70 152
70 152
70 152
69 158
69 158
68 160
68 160
68 160
68 160
68 160
68 160
67 166
67 166
67 166
67 166
67 166
66 171
66 171
66 171
66 171
66 171
65 176
65 176
65 176
64 179
64 179
64 179
64 179
64 179
64 179
63 185
63 185
63 185
63 185
63 185
63 185
63 185
63 185
63 185
62 194
62 194
62 194
62 194
62 194
62 194
62 194
61 201
61 201
61 201
61 201
61 201
61 201
61 201
61 201
61 201
61 201
61 201
61 201
60 213
60 213
60 213
60 213
60 213
60 213
59 219
59 219
59 219
58 222
58 222
58 222
58 222
58 222
58 222
58 222
58 222
58 222
58 222
57 232
56 233
56 233
56 233
56 233
55 237
55 237
55 237
55 237
55 237
54 242
54 242
53 244
53 244
53 244
53 244
52 248
52 248
52 248
52 248
52 248
51 253
51 253
51 253
51 253
50 257
50 257
50 257
50 257
50 257
49 262
49 262
49 262
49 262
48 266
48 266
47 268
47 268
47 268
47 268
47 268
47 268
46 274
46 274
45 276
45 276
45 276
45 276
45 276
45 276
45 276
45 276
45 276
45 276
44 286
44 286
44 286
44 286
43 290
43 290
43 290
43 290
42 294
42 294
42 294
42 294
42 294
42 294
42 294
41 301
41 301
41 301
41 301
41 301
41 301
41 301
40 308
40 308
40 308
40 308
40 308
40 308
39 314
39 314
39 314
39 314
39 314
38 319
38 319
38 319
38 319
37 323
37 323
37 323
37 323
37 323
37 323
37 323
36 330
36 330
36 330
36 330
36 330
36 330
36 330
36 330
36 330
35 339
35 339
35 339
35 339
35 339
35 339
34 345
34 345
34 345
34 345
33 349
33 349
33 349
33 349
32 353
31 354
31 354
31 354
31 354
31 354
30 359
30 359
30 359
30 359
29 363
29 363
29 363
29 363
29 363
29 363
29 363
28 370
28 370
28 370
28 370
27 374
27 374
27 374
27 374
26 378
26 378
26 378
25 381
25 381
24 383
24 383
24 383
24 383
23 387
23 387
23 387
23 387
23 387
23 387
22 393
22 393
21 395
21 395
21 395
21 395
21 395
20 400
20 400
20 400
20 400
20 400
19 405
19 405
19 405
19 405
19 405
19 405
19 405
18 412
18 412
18 412
18 412
17 416
17 416
17 416
17 416
17 416
17 416
17 416
17 416
17 416
16 425
16 425
16 425
16 425
16 425
16 425
16 425
16 425
15 433
15 433
15 433
15 433
15 433
15 433
15 433
14 440
14 440
14 440
14 440
14 440
14 440
14 440
14 440
14 440
13 449
13 449
13 449
12 452
12 452
12 452
11 455
11 455
11 455
10 458
10 458
10 458
10 458
10 458
9 463
9 463
9 463
8 466
8 466
8 466
8 466
8 466
8 466
8 466
7 473
7 473
7 473
7 473
7 473
7 473
7 473
6 480
6 480
6 480
6 480
6 480
5 485
5 485
5 485
5 485
4 489
4 489
4 489
4 489
4 489
4 489
4 489
3 496
3 496
3 496
2 499
2 499
1 501
1 501
1 501
0 504
0 504
0 504
0 504
0 504
0 504
